###############################################################################
#
# IAR ELF Linker V7.80.4.12462/W32 for ARM                26/Aug/2020  04:00:34
# Copyright 2007-2017 IAR Systems AB.
#
#    Output file  =  
#        C:\Users\1978\Desktop\HOME-VERS-HOME\RS_485\205\RS485_TEST_universal_TX\Debug\Exe\RS485_TEST.out
#    Map file     =  
#        C:\Users\1978\Desktop\HOME-VERS-HOME\RS_485\205\RS485_TEST_universal_TX\Debug\List\RS485_TEST.map
#    Command line =  
#        C:\Users\1978\Desktop\HOME-VERS-HOME\RS_485\205\RS485_TEST_universal_TX\Debug\Obj\M0_Startup.o
#        C:\Users\1978\Desktop\HOME-VERS-HOME\RS_485\205\RS485_TEST_universal_TX\Debug\Obj\main.o
#        -o
#        C:\Users\1978\Desktop\HOME-VERS-HOME\RS_485\205\RS485_TEST_universal_TX\Debug\Exe\RS485_TEST.out
#        --redirect _Printf=_PrintfFull --redirect _Scanf=_ScanfFull --map
#        C:\Users\1978\Desktop\HOME-VERS-HOME\RS_485\205\RS485_TEST_universal_TX\Debug\List\RS485_TEST.map
#        --config
#        C:\Users\1978\Desktop\HOME-VERS-HOME\RS_485\205\RS485_TEST_universal_TX\RS485_TEST.icf
#        --semihosting --entry __iar_program_start --vfe
#
###############################################################################

*******************************************************************************
*** RUNTIME MODEL ATTRIBUTES
***

CppFlavor       = *
__SystemLibrary = DLib


*******************************************************************************
*** PLACEMENT SUMMARY
***

"A0":  place at 0x08000000 { ro section .intvec };
"P1":  place in [from 0x08000000 to 0x08003fff] { ro };
"P2":  place in [from 0x20000800 to 0x200017ff] { rw, block CSTACK, block HEAP };
initialize by copy { rw };

  Section            Kind        Address    Size  Object
  -------            ----        -------    ----  ------
"A0":                                       0xc0
  .intvec            ro code  0x08000000    0xc0  M0_Startup.o [1]
                            - 0x080000c0    0xc0

"P1", part 1 of 2:                          0x1e
  .rodata            const    0x080000c0     0x0  packbits_init_single.o [4]
  Initializer bytes  const    0x080000c0    0x1e  <for P2-1>
                            - 0x080000de    0x1e

Absolute sections:                          0x10
  .rodata            const    0x08000200    0x10  main.o [1]
                            - 0x08000210    0x10

"P1", part 2 of 2:                        0x14ce
  .text              ro code  0x08000210  0x13c4  main.o [1]
  .text              ro code  0x080015d4    0x3c  packbits_init_single.o [4]
  .text              ro code  0x08001610    0x28  data_init.o [4]
  .iar.init_table    const    0x08001638    0x10  - Linker created -
  .text              ro code  0x08001648    0x1a  cmain.o [4]
  .text              ro code  0x08001662     0x4  low_level_init.o [3]
  .text              ro code  0x08001666     0x8  exit.o [3]
  .text              ro code  0x0800166e     0x2  M0_Startup.o [1]
  .text              ro code  0x08001670     0xa  cexit.o [4]
  .text              ro code  0x0800167a     0x2  M0_Startup.o [1]
  .text              ro code  0x0800167c    0x14  exit.o [5]
  .text              ro code  0x08001690     0xc  cstartup_M.o [4]
  .text              ro code  0x0800169c     0x8  M0_Startup.o [1]
  .text              ro code  0x080016a4     0x2  M0_Startup.o [1]
  .text              ro code  0x080016a6     0x2  M0_Startup.o [1]
  .text              ro code  0x080016a8     0x2  M0_Startup.o [1]
  .text              ro code  0x080016aa     0x2  M0_Startup.o [1]
  .text              ro code  0x080016ac     0x2  M0_Startup.o [1]
  .text              ro code  0x080016ae     0x2  M0_Startup.o [1]
  .text              ro code  0x080016b0     0x2  M0_Startup.o [1]
  .text              ro code  0x080016b2     0x2  M0_Startup.o [1]
  .text              ro code  0x080016b4     0x2  M0_Startup.o [1]
  .text              ro code  0x080016b6     0x2  M0_Startup.o [1]
  .text              ro code  0x080016b8     0x2  M0_Startup.o [1]
  .text              ro code  0x080016ba     0x2  M0_Startup.o [1]
  .text              ro code  0x080016bc     0x2  M0_Startup.o [1]
  .text              ro code  0x080016be     0x2  M0_Startup.o [1]
  .text              ro code  0x080016c0     0x2  M0_Startup.o [1]
  .text              ro code  0x080016c2     0x2  M0_Startup.o [1]
  .text              ro code  0x080016c4     0x2  M0_Startup.o [1]
  .text              ro code  0x080016c6     0x2  M0_Startup.o [1]
  .text              ro code  0x080016c8     0x2  M0_Startup.o [1]
  .text              ro code  0x080016ca     0x2  M0_Startup.o [1]
  .text              ro code  0x080016cc     0x2  M0_Startup.o [1]
  .text              ro code  0x080016ce     0x2  M0_Startup.o [1]
  .text              ro code  0x080016d0     0x2  M0_Startup.o [1]
  .text              ro code  0x080016d2     0x2  M0_Startup.o [1]
  .text              ro code  0x080016d4     0x2  M0_Startup.o [1]
  .text              ro code  0x080016d6     0x2  M0_Startup.o [1]
  .text              ro code  0x080016d8     0x2  M0_Startup.o [1]
  .text              ro code  0x080016da     0x2  M0_Startup.o [1]
  .text              ro code  0x080016dc     0x2  M0_Startup.o [1]
                            - 0x080016de  0x14ce

"P2", part 1 of 2:                          0x3f
  P2-1                        0x20000800    0x3f  <Init block>
    .data            inited   0x20000800    0x1c  main.o [1]
    .bss             inited   0x2000081c     0xc  main.o [1]
    .bss             inited   0x20000828     0x4  main.o [1]
    .bss             inited   0x2000082c     0x4  main.o [1]
    .bss             inited   0x20000830     0x4  main.o [1]
    .bss             inited   0x20000834     0x2  main.o [1]
    .bss             inited   0x20000836     0x2  main.o [1]
    .bss             inited   0x20000838     0x2  main.o [1]
    .bss             inited   0x2000083a     0x2  main.o [1]
    .bss             inited   0x2000083c     0x1  main.o [1]
    .bss             inited   0x2000083d     0x1  main.o [1]
    .bss             inited   0x2000083e     0x1  main.o [1]
                            - 0x2000083f    0x3f

"P2", part 2 of 2:                         0x200
  CSTACK                      0x20000840   0x200  <Block>
    CSTACK           uninit   0x20000840   0x200  <Block tail>
                            - 0x20000a40   0x200


*******************************************************************************
*** INIT TABLE
***

          Address     Size
          -------     ----
Copy/packbits (__iar_packbits_init_single3)
    1 source range, total size 0x1e (47% of destination):
          0x080000c0  0x1e
    1 destination range, total size 0x3f:
          0x20000800  0x3f



*******************************************************************************
*** MODULE SUMMARY
***

    Module                  ro code  ro data  rw data  ro data
                                                        (abs)
    ------                  -------  -------  -------  -------
C:\Users\1978\Desktop\HOME-VERS-HOME\RS_485\205\RS485_TEST_universal_TX\Debug\Obj: [1]
    M0_Startup.o                262
    main.o                    5 060       30       63       16
    ----------------------------------------------------------
    Total:                    5 322       30       63       16

command line: [2]
    ----------------------------------------------------------
    Total:

dl6M_tln.a: [3]
    exit.o                        8
    low_level_init.o              4
    ----------------------------------------------------------
    Total:                       12

rt6M_tl.a: [4]
    cexit.o                      10
    cmain.o                      26
    cstartup_M.o                 12
    data_init.o                  40
    packbits_init_single.o       60
    ----------------------------------------------------------
    Total:                      148

shb_l.a: [5]
    exit.o                       20
    ----------------------------------------------------------
    Total:                       20

    Linker created                        16      512
--------------------------------------------------------------
    Grand Total:              5 502       46      575       16


*******************************************************************************
*** ENTRY LIST
***

Entry                      Address   Size  Type      Object
-----                      -------   ----  ----      ------
.iar.init_table$$Base   0x08001638          --   Gb  - Linker created -
.iar.init_table$$Limit  0x08001648          --   Gb  - Linker created -
?main                   0x08001649         Code  Gb  cmain.o [4]
Button_Func             0x0800112d   0x92  Code  Gb  main.o [1]
CFG_DEF                 0x08001389  0x184  Code  Gb  main.o [1]
CFG_LOAD                0x0800150d   0x14  Code  Gb  main.o [1]
CRC32                   0x0800024f   0x14  Code  Gb  main.o [1]
CRC8                    0x08000239   0x16  Code  Gb  main.o [1]
CSTACK$$Base            0x20000840          --   Gb  - Linker created -
CSTACK$$Limit           0x20000a40          --   Gb  - Linker created -
FLASH_CLEAR             0x080012d9   0x72  Code  Gb  main.o [1]
FLASH_WRITE             0x0800126d   0x68  Code  Gb  main.o [1]
Func_0                  0x08001015   0xee  Code  Gb  main.o [1]
HardFault_Handler       0x08001571    0x4  Code  Gb  main.o [1]
INF                     0x08000200   0x10  Data  Lc  main.o [1]
INIT                    0x08001353   0x14  Code  Gb  main.o [1]
MODE                    0x0800134b    0x8  Code  Gb  main.o [1]
MST                     0x08000227   0x12  Code  Gb  main.o [1]
MSTR                    0x2000083c    0x1  Data  Gb  main.o [1]
NMI_Handler             0x0800156d    0x4  Code  Gb  main.o [1]
NVIC_IRQ_ON             0x08000211   0x16  Code  Gb  main.o [1]
PORT_CFG                0x0800037d  0xa54  Code  Gb  main.o [1]
PendSV_Handler          0x08001579    0x4  Code  Gb  main.o [1]
RCC_CFG                 0x08000263   0xf2  Code  Gb  main.o [1]
Region$$Table$$Base     0x08001638          --   Gb  - Linker created -
Region$$Table$$Limit    0x08001648          --   Gb  - Linker created -
SVC_Handler             0x08001575    0x4  Code  Gb  main.o [1]
Stat                    0x20000828    0x4  Data  Gb  main.o [1]
SysTick_Handler         0x0800157d   0x16  Code  Gb  main.o [1]
TIM_CFG                 0x080011dd   0x88  Code  Gb  main.o [1]
Tx_Data                 0x08001105   0x12  Code  Gb  main.o [1]
U1_RX1                  0x2000083a    0x2  Data  Gb  main.o [1]
U1_RX2                  0x20000830    0x4  Data  Gb  main.o [1]
U1_TX1                  0x20000838    0x2  Data  Gb  main.o [1]
U1_TX2                  0x2000082c    0x4  Data  Gb  main.o [1]
UART1_Handler           0x08000ecd  0x132  Code  Gb  main.o [1]
UART_CFG                0x08000e09   0x7c  Code  Gb  main.o [1]
UART_TX                 0x08000e8d   0x28  Code  Gb  main.o [1]
UR                      0x20000800   0x1c  Data  Gb  main.o [1]
__ICFEDIT_region_RAM_end__ {Abs}
                        0x200017ff         Data  Gb  command line/config [2]
__ICFEDIT_region_RAM_start__ {Abs}
                        0x20000800         Data  Gb  command line/config [2]
__cmain                 0x08001649         Code  Gb  cmain.o [4]
__exit                  0x0800167d   0x14  Code  Gb  exit.o [5]
__iar_data_init3        0x08001611   0x28  Code  Gb  data_init.o [4]
__iar_packbits_init_single3
                        0x080015d5   0x3c  Code  Gb  packbits_init_single.o [4]
__iar_program_start     0x08001691         Code  Gb  cstartup_M.o [4]
__low_level_init        0x08001663    0x4  Code  Gb  low_level_init.o [3]
__vector_table          0x08000000         Data  Gb  M0_Startup.o [1]
_call_main              0x08001655         Code  Gb  cmain.o [4]
_exit                   0x08001671         Code  Gb  cexit.o [4]
_main                   0x0800165f         Code  Gb  cmain.o [4]
data_rx                 0x2000083d    0x1  Data  Gb  main.o [1]
data_txrx               0x2000081c    0xc  Data  Gb  main.o [1]
exit                    0x08001667    0x8  Code  Gb  exit.o [3]
main                    0x08001593   0x34  Code  Gb  main.o [1]
slave_addr              0x2000083e    0x1  Data  Gb  main.o [1]
t_sw                    0x20000836    0x2  Data  Gb  main.o [1]
t_tx                    0x20000834    0x2  Data  Gb  main.o [1]


[1] = C:\Users\1978\Desktop\HOME-VERS-HOME\RS_485\205\RS485_TEST_universal_TX\Debug\Obj
[2] = command line
[3] = dl6M_tln.a
[4] = rt6M_tl.a
[5] = shb_l.a

  5 502 bytes of readonly  code memory
     46 bytes of readonly  data memory (+ 16 absolute)
    575 bytes of readwrite data memory

Errors: none
Warnings: none
